// Jest Snapshot v1, https://goo.gl/fbAQLP

exports[`can load a sorted list of migrations 1`] = `
Array [
  Object {
    "id": 1,
    "name": "01-manager.js",
    "path": "/Users/matrushka/dev/dcntrlzd/helios/test/migrations/01-manager.js",
    "runner": [Function],
  },
  Object {
    "id": 2,
    "name": "02-deployContracts.js",
    "path": "/Users/matrushka/dev/dcntrlzd/helios/test/migrations/02-deployContracts.js",
    "runner": [Function],
  },
]
`;
